// Jest Snapshot v1, https://goo.gl/fbAQLP

exports[`renders correctly 1`] = `
<div
  className="flex items-center pl-3"
>
  <input
    className="w-5 h-5 bg-black border-black"
    type="radio"
  />
  <label
    className="w-full py-3 ml-2 text-xl font-medium text-black"
  >
     
  </label>
</div>
`;
