// Jest Snapshot v1, https://goo.gl/fbAQLP

exports[`renders correctly 1`] = `
<div
  className="bg-light-white flex flex-col items-center justify-center text-center py-16 rounded-3xl space-y-6 drop-shadow-lg"
>
  <span
    className="uppercase text-4xl"
  >
     
    ticket
  </span>
  <span
    className="text-base rtl:text-3xl text-black/50"
  >
    $
  </span>
  <button
    className="font-normal whitespace-nowrap cursor-pointer uppercase text-lg md:text-xl lg:text-2xl rounded-md px-[25px] md:px-[35px] lg:px-[59px] py-[12px] font-medium bg-cyan text-black"
  >
    purchase
  </button>
</div>
`;
