// Jest Snapshot v1, https://goo.gl/fbAQLP

exports[`renders correctly 1`] = `
<div
  className="bg-light-white flex flex-col items-center justify-center text-center py-10 px-5 rounded-md space-y-6 drop-shadow-lg"
>
  <span
    className="uppercase text-4xl"
  >
    askIfCounselor
  </span>
  <span
    className="text-base rtl:text-xl text-black"
  >
    askCounselor
  </span>
  <div>
    <a
      href="/requirements"
      onClick={[Function]}
      onMouseEnter={[Function]}
      onTouchStart={[Function]}
    >
      <div
        className="relative self-center"
      >
        <button
          className="transform hover:bg-yellow transition duration-500  hover:animate-bounce hover:scale-75 active:bg-cyan focus:outline-none focus:ring focus:ring-cyan
                font-normal whitespace-nowrap cursor-pointer  uppercase text-lg md:text-xl lg:text-2xl rounded-md px-[25px] md:px-[35px] py-[8px] font-medium bg-cyan text-black "
          disabled={false}
          onClick={[Function]}
        >
          learnMore
        </button>
      </div>
    </a>
  </div>
</div>
`;
