// Jest Snapshot v1, https://goo.gl/fbAQLP

exports[`renders correctly 1`] = `
<header
  className="min-w-[96vw] bg-cover"
  style={
    {
      "backgroundImage": "url(/header.png)",
      "minHeight": "calc(100vh - 5rem)",
    }
  }
>
  <div
    className="container h-full flex flex-col lg:flex-row gap-y-10 justify-between lg:mt-32"
  >
    <div
      className="flex flex-col mt-10 lg:mt-0 text-center lg:text-start"
    >
      <h1
        className="text-xl sm:text-3xl lg:text-5xl uppercase"
      >
        weAreHereTo
      </h1>
      <p
        className="text-3xl sm:text-5xl lg:text-9xl mb-3 lg:mb-0 uppercase"
      >
        help
      </p>
      <a
        className="w-fit xl:w-full rtl:w-full self-center lg:self-start"
        href="/appointment"
        onClick={[Function]}
        onMouseEnter={[Function]}
        onTouchStart={[Function]}
      >
        <div
          className="relative self-center"
        >
          <button
            className="transform hover:bg-yellow transition duration-500  hover:animate-bounce hover:scale-75 active:bg-cyan focus:outline-none focus:ring focus:ring-cyan
                font-normal whitespace-nowrap cursor-pointer  capitalize text-lg md:text-xl lg:text-2xl rounded-md px-[25px] md:px-[35px] py-[8px] font-medium bg-cyan text-black  bg-light-gray text-gray"
            disabled={true}
            onClick={[Function]}
          >
            bookAppointment
          </button>
        </div>
      </a>
    </div>
    <div
      className="basis-1/2"
    >
      <img
        alt=""
        className="max-w-full lg:min-w-[20rem] lg:max-w-[27rem] xl:min-w-[40rem]"
        data-aos="zoom-in-up"
        data-nimg="1"
        decoding="async"
        height={200}
        loading="lazy"
        onError={[Function]}
        onLoad={[Function]}
        src="/_next/image?url=%2Fhero.png&w=1080&q=75"
        srcSet="/_next/image?url=%2Fhero.png&w=640&q=75 1x, /_next/image?url=%2Fhero.png&w=1080&q=75 2x"
        style={
          {
            "color": "transparent",
          }
        }
        width={500}
      />
    </div>
  </div>
</header>
`;
