// Jest Snapshot v1, https://goo.gl/fbAQLP

exports[`renders correctly 1`] = `
<div
  className="relative mx-3"
>
  <a
    href="/blogs/k"
    onClick={[Function]}
    onMouseEnter={[Function]}
    onTouchStart={[Function]}
  >
    <div
      className=" border border-gray max-h-250"
    />
  </a>
  <p
    className="uppercase absolute top-2 left-2 text-base bg-light-gray text-white px-2"
  >
    undefined
  </p>
</div>
`;
