// Jest Snapshot v1, https://goo.gl/fbAQLP

exports[`renders correctly 1`] = `
<div
  className="container flex flex-col justify-between"
>
  <div
    className="mb-5 text-start"
  >
    <span
      className="font-normal block text-3xl md:text-4xl rtl:md:text-3xl lg:text-5xl rtl:lg:text-4xl uppercase break-words"
    >
      purchaseTicketsTitle
    </span>
    <p
      className="text-lg md:text-xl lg:text-2xl text-black/50"
    >
      purchaseTicketsSubtitle
    </p>
  </div>
  <div
    className="grid sm:grid-cols-1 md:grid-cols-2 my-10 lg:grid-cols-3 gap-7"
  >
    <div
      className="bg-light-white flex flex-col items-center justify-center text-center py-16 rounded-3xl space-y-6 drop-shadow-lg"
    >
      <span
        className="uppercase text-4xl"
      >
        5
         
        ticket
      </span>
      <span
        className="text-base rtl:text-3xl text-black/50"
      >
        10
        $
      </span>
      <div
        className="w-fit"
      >
        <button
          className="font-normal whitespace-nowrap cursor-pointer  uppercase text-lg md:text-xl lg:text-2xl rounded-md px-[25px] md:px-[35px] py-[8px] font-medium bg-cyan text-black "
          disabled={false}
        >
          purchase
        </button>
      </div>
    </div>
    <div
      className="bg-light-white flex flex-col items-center justify-center text-center py-16 rounded-3xl space-y-6 drop-shadow-lg"
    >
      <span
        className="uppercase text-4xl"
      >
        25
         
        ticket
      </span>
      <span
        className="text-base rtl:text-3xl text-black/50"
      >
        40
        $
      </span>
      <div
        className="w-fit"
      >
        <button
          className="font-normal whitespace-nowrap cursor-pointer  uppercase text-lg md:text-xl lg:text-2xl rounded-md px-[25px] md:px-[35px] py-[8px] font-medium bg-cyan text-black "
          disabled={false}
        >
          purchase
        </button>
      </div>
    </div>
    <div
      className="bg-light-white flex flex-col items-center justify-center text-center py-16 rounded-3xl space-y-6 drop-shadow-lg"
    >
      <span
        className="uppercase text-4xl"
      >
        50
         
        ticket
      </span>
      <span
        className="text-base rtl:text-3xl text-black/50"
      >
        70
        $
      </span>
      <div
        className="w-fit"
      >
        <button
          className="font-normal whitespace-nowrap cursor-pointer  uppercase text-lg md:text-xl lg:text-2xl rounded-md px-[25px] md:px-[35px] py-[8px] font-medium bg-cyan text-black "
          disabled={false}
        >
          purchase
        </button>
      </div>
    </div>
  </div>
  <div
    className="bg-light-white flex flex-col items-center justify-center text-center py-10 px-5 rounded-md space-y-6 drop-shadow-lg"
  >
    <span
      className="uppercase text-4xl"
    >
      askIfCounselor
    </span>
    <span
      className="text-base rtl:text-xl text-black"
    >
      askCounselor
    </span>
    <div>
      <a
        href="/requirements"
        onClick={[Function]}
        onMouseEnter={[Function]}
        onTouchStart={[Function]}
      >
        <button
          className="font-normal whitespace-nowrap cursor-pointer  uppercase text-lg md:text-xl lg:text-2xl rounded-md px-[25px] md:px-[35px] py-[8px] font-medium bg-cyan text-black "
          disabled={false}
        >
          learnMore
        </button>
      </a>
    </div>
  </div>
</div>
`;
