// Jest Snapshot v1, https://goo.gl/fbAQLP

exports[`renders correctly 1`] = `
<div>
  <div
    className="lg:text-5xl md:text-3xl text-2xl leading-6 lg:mt-12 mt-4 lg:pt-12 pt-8 lg:ms-28 ms-10 text-gray-700 uppercase"
  >
    <h1>
      cuurentOpenPosition
    </h1>
  </div>
  <div
    className="text-lg leading-6 mt-4 lg:text-xl lg:ms-28 ms-10 lg:me-0 me-10 text-[#b2a7a7]"
  >
    <h3>
      pleaseSendUsEmail
    </h3>
  </div>
  <div>
    <div
      className=" overflow-y-auto mb-12 lg:ms-24 ms-10 mt-6 lg:me-20 me-10 h-[35em] "
    >
      <div
        className=" p-4 flex flex-row cursor-pointer shadow-sm "
      >
        <div
          className="basis-3/4 flex flex-col"
        >
          <h3
            className="lg:text-2xl text-lg font-medium  self-start text-[#06b6d4]"
          >
            Senior Software Developer | Backend | Remote in the USA
          </h3>
          <p
            className="self-start lg:text-base text-sm text-[#b2a7a7] "
          >
            Moz is looking for a Senior Software Developer to join our Application Development team.
          </p>
        </div>
        <div
          className="basis-1/4  flex flex-col items-stretch ps-4"
        >
          <h3
            className="lg:text-xl text-base leading-8 self-end text-[#06b6d4]"
          >
            Engineering
          </h3>
          <p
            className=" self-end lg:text-base text-sm text-[#b2a7a7]"
          >
            Application Development
          </p>
        </div>
      </div>
      <div
        className=" p-4 flex flex-row cursor-pointer shadow-sm "
      >
        <div
          className="basis-3/4 flex flex-col"
        >
          <h3
            className="lg:text-2xl text-lg font-medium  self-start text-[#06b6d4]"
          >
            Senior Software Developer | Rapid Prototyping | Remote in
          </h3>
          <p
            className="self-start lg:text-base text-sm text-[#b2a7a7] "
          >
            Moz is looking for a Senior Software Developer to join our Rapid Prototyping Team (RPT). This team is responsible for working closely with product managers to take ideas for new features and quickly validate their technical and business feasibility.
          </p>
        </div>
        <div
          className="basis-1/4  flex flex-col items-stretch ps-4"
        >
          <h3
            className="lg:text-xl text-base leading-8 self-end text-[#06b6d4]"
          >
            Engineering
          </h3>
          <p
            className=" self-end lg:text-base text-sm text-[#b2a7a7]"
          >
            Rapid Prototyping
          </p>
        </div>
      </div>
      <div
        className=" p-4 flex flex-row cursor-pointer shadow-sm "
      >
        <div
          className="basis-3/4 flex flex-col"
        >
          <h3
            className="lg:text-2xl text-lg font-medium  self-start text-[#06b6d4]"
          >
            Senior Product Analyst | Remote in Canada
          </h3>
          <p
            className="self-start lg:text-base text-sm text-[#b2a7a7] "
          >
            Moz is looking for a Product Analyst to define our suite of product metrics.
          </p>
        </div>
        <div
          className="basis-1/4  flex flex-col items-stretch ps-4"
        >
          <h3
            className="lg:text-xl text-base leading-8 self-end text-[#06b6d4]"
          >
            Engineering
          </h3>
          <p
            className=" self-end lg:text-base text-sm text-[#b2a7a7]"
          >
            Business Intelligence
          </p>
        </div>
      </div>
      <div
        className=" p-4 flex flex-row cursor-pointer shadow-sm "
      >
        <div
          className="basis-3/4 flex flex-col"
        >
          <h3
            className="lg:text-2xl text-lg font-medium  self-start text-[#06b6d4]"
          >
            Business Intelligence Manager | Remote in Canada
          </h3>
          <p
            className="self-start lg:text-base text-sm text-[#b2a7a7] "
          >
            Moz is hiring a Manager of Business Intelligence to lead our analytics and data warehousing efforts in a new phase of development.
          </p>
        </div>
        <div
          className="basis-1/4  flex flex-col items-stretch ps-4"
        >
          <h3
            className="lg:text-xl text-base leading-8 self-end text-[#06b6d4]"
          >
            Engineering
          </h3>
          <p
            className=" self-end lg:text-base text-sm text-[#b2a7a7]"
          >
            Business Intelligence
          </p>
        </div>
      </div>
      <div
        className=" p-4 flex flex-row cursor-pointer shadow-sm "
      >
        <div
          className="basis-3/4 flex flex-col"
        >
          <h3
            className="lg:text-2xl text-lg font-medium  self-start text-[#06b6d4]"
          >
            Engineering Manager | Remote in Canada
          </h3>
          <p
            className="self-start lg:text-base text-sm text-[#b2a7a7] "
          >
            Moz is seeking an Engineering Manager within our Application Development team.
          </p>
        </div>
        <div
          className="basis-1/4  flex flex-col items-stretch ps-4"
        >
          <h3
            className="lg:text-xl text-base leading-8 self-end text-[#06b6d4]"
          >
            Engineering
          </h3>
          <p
            className=" self-end lg:text-base text-sm text-[#b2a7a7]"
          />
        </div>
      </div>
      <div
        className=" p-4 flex flex-row cursor-pointer shadow-sm "
      >
        <div
          className="basis-3/4 flex flex-col"
        >
          <h3
            className="lg:text-2xl text-lg font-medium  self-start text-[#06b6d4]"
          >
            Sr. Data Engineer | Remote in Canada
          </h3>
          <p
            className="self-start lg:text-base text-sm text-[#b2a7a7] "
          >
            Moz is looking for a talented Senior Software Developer to join our Data Collection team.
          </p>
        </div>
        <div
          className="basis-1/4  flex flex-col items-stretch ps-4"
        >
          <h3
            className="lg:text-xl text-base leading-8 self-end text-[#06b6d4]"
          >
            Engineering
          </h3>
          <p
            className=" self-end lg:text-base text-sm text-[#b2a7a7]"
          >
            Data Collection
          </p>
        </div>
      </div>
      <div
        className=" p-4 flex flex-row cursor-pointer shadow-sm "
      >
        <div
          className="basis-3/4 flex flex-col"
        >
          <h3
            className="lg:text-2xl text-lg font-medium  self-start text-[#06b6d4]"
          >
            Sr. Data Engineer | Remote in Canada
          </h3>
          <p
            className="self-start lg:text-base text-sm text-[#b2a7a7] "
          >
            Moz is looking for a talented Senior Software Developer to join our Data Collection team.
          </p>
        </div>
        <div
          className="basis-1/4  flex flex-col items-stretch ps-4"
        >
          <h3
            className="lg:text-xl text-base leading-8 self-end text-[#06b6d4]"
          >
            Engineering
          </h3>
          <p
            className=" self-end lg:text-base text-sm text-[#b2a7a7]"
          >
            Data Collection
          </p>
        </div>
      </div>
      <div
        className=" p-4 flex flex-row cursor-pointer shadow-sm "
      >
        <div
          className="basis-3/4 flex flex-col"
        >
          <h3
            className="lg:text-2xl text-lg font-medium  self-start text-[#06b6d4]"
          >
            Senior Software Developer | Backend | Remote in the USA
          </h3>
          <p
            className="self-start lg:text-base text-sm text-[#b2a7a7] "
          >
            Moz is looking for a Senior Software Developer to join our Application Development team.
          </p>
        </div>
        <div
          className="basis-1/4  flex flex-col items-stretch ps-4"
        >
          <h3
            className="lg:text-xl text-base leading-8 self-end text-[#06b6d4]"
          >
            Engineering
          </h3>
          <p
            className=" self-end lg:text-base text-sm text-[#b2a7a7]"
          >
            Application Development
          </p>
        </div>
      </div>
      <div
        className=" p-4 flex flex-row cursor-pointer shadow-sm "
      >
        <div
          className="basis-3/4 flex flex-col"
        >
          <h3
            className="lg:text-2xl text-lg font-medium  self-start text-[#06b6d4]"
          >
            Sr. Data Engineer | Remote in Canada
          </h3>
          <p
            className="self-start lg:text-base text-sm text-[#b2a7a7] "
          >
            Moz is looking for a talented Senior Software Developer to join our Data Collection team.
          </p>
        </div>
        <div
          className="basis-1/4  flex flex-col items-stretch ps-4"
        >
          <h3
            className="lg:text-xl text-base leading-8 self-end text-[#06b6d4]"
          >
            Engineering
          </h3>
          <p
            className=" self-end lg:text-base text-sm text-[#b2a7a7]"
          >
            Data Collection
          </p>
        </div>
      </div>
      <div
        className=" p-4 flex flex-row cursor-pointer shadow-sm "
      >
        <div
          className="basis-3/4 flex flex-col"
        >
          <h3
            className="lg:text-2xl text-lg font-medium  self-start text-[#06b6d4]"
          >
            Engineering Manager | Remote in Canada
          </h3>
          <p
            className="self-start lg:text-base text-sm text-[#b2a7a7] "
          >
            Moz is seeking an Engineering Manager within our Application Development team.
          </p>
        </div>
        <div
          className="basis-1/4  flex flex-col items-stretch ps-4"
        >
          <h3
            className="lg:text-xl text-base leading-8 self-end text-[#06b6d4]"
          >
            Engineering
          </h3>
          <p
            className=" self-end lg:text-base text-sm text-[#b2a7a7]"
          />
        </div>
      </div>
      <div
        className=" p-4 flex flex-row cursor-pointer shadow-sm "
      >
        <div
          className="basis-3/4 flex flex-col"
        >
          <h3
            className="lg:text-2xl text-lg font-medium  self-start text-[#06b6d4]"
          >
            Business Intelligence Manager | Remote in Canada
          </h3>
          <p
            className="self-start lg:text-base text-sm text-[#b2a7a7] "
          >
            Moz is hiring a Manager of Business Intelligence to lead our analytics and data warehousing efforts in a new phase of development.
          </p>
        </div>
        <div
          className="basis-1/4  flex flex-col items-stretch ps-4"
        >
          <h3
            className="lg:text-xl text-base leading-8 self-end text-[#06b6d4]"
          >
            Engineering
          </h3>
          <p
            className=" self-end lg:text-base text-sm text-[#b2a7a7]"
          >
            Business Intelligence
          </p>
        </div>
      </div>
    </div>
  </div>
</div>
`;
