// Jest Snapshot v1, https://goo.gl/fbAQLP

exports[`renders correctly 1`] = `
<div
  className="flex ms-8 py-2 justify-start relative tri-right left-top max-w-fit min-w-2xl h-auto mt-2 bg-white rounded-xl shadow-sm border-2 border-gray/10"
>
  <div
    className="px-3 rounded-xl"
  >
    <p
      className="text-sm"
    />
    <div
      className="ml-2 flex justify-end items-end"
    >
      <span
        className="text-xs mr-1 text-gray/50"
      />
    </div>
  </div>
</div>
`;
