// Jest Snapshot v1, https://goo.gl/fbAQLP

exports[`renders correctly 1`] = `
<div
  class="w-full lg:w-3/6 xl:w-2/6 flex flex-col justify-start items-stretch  bg-white bg-opacity-80 rounded-md lg:rounded-none lg:rounded-l-md p-3"
>
  <div
    class="flex-auto flex flex-col"
  >
    <div
      class="flex-auto flex flex-row"
    >
      <div
        class="w-full p-1"
      >
        <div
          class="w-full p-1"
        >
          <input
            class="search-input bg-gray-600 bg-opacity-10 placeholder-gray-500 text-gray-400 text-sm py-1 px-10 rounded-md outline-none w-full focus:outline-none focus:ring"
            placeholder="Search"
            type="text"
          />
        </div>
        <ul
          class="overflow-y-auto"
        />
      </div>
    </div>
  </div>
</div>
`;
