// Jest Snapshot v1, https://goo.gl/fbAQLP

exports[`renders correctly 1`] = `
<div
  className="w-2/3 self-start p-3 rounded-lg"
>
  <div
    className="flex items-center"
  >
    <div
      className="inline-flex items-center justify-center h-10 w-10 rounded-full bg-light-gray flex-shrink-0"
    />
    <div
      className="relative ms-3 text-sm bg-light-cyan py-2 px-4 shadow rounded-xl"
    >
      <div />
    </div>
  </div>
</div>
`;
