// Jest Snapshot v1, https://goo.gl/fbAQLP

exports[`renders correctly 1`] = `
<div
  className="w-full lg:w-3/6 xl:w-2/6 flex flex-col justify-start items-stretch  bg-white bg-opacity-80 rounded-md lg:rounded-none lg:rounded-l-md"
>
  <div
    className="w-full bg-background/80 border-b-[3px] border-gray/20 px-5 h-[4rem] inline-flex items-center justify-center"
  >
    <input
      className=" placeholder-gray/50 text-gray/80 text-sm py-2 px-10 rounded-full outline-none w-full focus:outline-none"
      placeholder="search"
      type="text"
    />
  </div>
  <ul
    className="overflow-y-auto"
  />
</div>
`;
