// Jest Snapshot v1, https://goo.gl/fbAQLP

exports[`renders correctly 1`] = `
<header
  className="flex flex-col items-center justify-center"
  style={
    Object {
      "backgroundImage": "url(/header.png)",
      "backgroundSize": "cover",
      "height": "100vh",
      "left": "0",
      "minWidth": "96.5vw",
      "position": "relative",
      "right": "0",
    }
  }
>
  <div
    className="container flex flex-col items-center justify-center md:flex-row md:space-s-20 space-y-10"
  >
    <div
      className="flex flex-col"
    >
      <p
        className="text-xl md:text-2xl lg:text-3xl uppercase"
      >
        we are here to
      </p>
      <span
        className="text-3xl md:text-5xl lg:text-9xl mb-3 lg:mb-0 uppercase"
      >
        help
      </span>
      <button
        className="font-normal whitespace-nowrap cursor-pointer capitalize text-lg md:text-xl lg:text-2xl rounded-md px-[25px] md:px-[35px] lg:px-[59px] py-[12px] font-medium bg-cyan text-black "
      >
        book an appointment
      </button>
    </div>
    <div>
      <img
        alt="hero image"
        className="w-full"
        data-nimg="1"
        decoding="async"
        height={500}
        loading="lazy"
        onError={[Function]}
        onLoad={[Function]}
        src="/_next/image?url=%2Fhero.png&w=1200&q=75"
        srcSet="/_next/image?url=%2Fhero.png&w=640&q=75 1x, /_next/image?url=%2Fhero.png&w=1200&q=75 2x"
        style={
          Object {
            "color": "transparent",
          }
        }
        width={600}
      />
    </div>
  </div>
</header>
`;
