// Jest Snapshot v1, https://goo.gl/fbAQLP

exports[`renders correctly 1`] = `
<div
  className="py-20"
>
  <span
    className="font-normal block text-3xl md:text-4xl rtl:md:text-3xl lg:text-4xl rtl:lg:text-4xl uppercase break-words"
  >
    Requirements
  </span>
  <button
    className="font-normal whitespace-nowrap cursor-pointer  uppercase text-lg md:text-xl lg:text-2xl rounded-md px-[25px] md:px-[35px] py-[8px] font-medium bg-cyan text-black "
  >
    Get started
  </button>
</div>
`;
