// Jest Snapshot v1, https://goo.gl/fbAQLP

exports[`renders correctly 1`] = `
<div
  className="flex items-start justify-between sm:p-6 lg:p-8 flex-col"
>
  <div
    className="max-w-sm p-6 border-gray rounded-lg shadow dark:border-gray"
  >
    <div
      className="block w-full h-full p-4 text-center"
    >
      <p
        className="text-3xl font-normal text-start"
      >
        Step 1
      </p>
      This is the first step
    </div>
    <div
      className="hidden w-full h-full p-4 text-center"
    >
      <p
        className="text-3xl font-normal text-start"
      >
        Step 2
      </p>
      This is the second step
    </div>
    <div
      className="hidden w-full h-full p-4 text-center"
    >
      <p
        className="text-3xl font-normal text-start"
      >
        Step 3
      </p>
      This is the third step
    </div>
    <div
      className="flex flex-row gap-4"
    >
      <button
        className="font-normal cursor-pointer capitalize text-xl rounded-md px-[40px] py-[8px] bg-cyan text-black"
        onClick={[Function]}
      >
        Next
      </button>
    </div>
  </div>
</div>
`;
