// Jest Snapshot v1, https://goo.gl/fbAQLP

exports[`renders correctly 1`] = `
<div
  className="flex flex-col"
>
  <span
    className="text-xl md:text-3xl font-medium mb-[12px] capitalize"
  >
    subscribe
  </span>
  <p
    className="text-sm md:text-lg lg:text-xl text-light-gray"
  >
    emailCommitment
  </p>
  <form
    className="mt-[24px]"
  >
    <label
      className="sr-only"
      htmlFor="subscribe-newsletter"
    >
      subscribe
    </label>
    <div
      className="flex max-w-[20rem] bg-white border-2 border-light-gray/80 rounded-md"
    >
      <input
        className="block flex-1 min-w-0 w-full focus:outline-none text-sm py-2.5 px-3 bg-transparent"
        id="subscribe-newsletter"
        placeholder="enterEmail"
        type="text"
      />
      <span
        className="inline-flex items-center text-2xl px-3 bg-cyan border-s-2 border-light-gray/80 text-light-black rounded-e-1.5"
      >
        <svg
          fill="none"
          height="20"
          viewBox="0 0 25 25"
          width="20"
          xmlns="http://www.w3.org/2000/svg"
        >
          <path
            d="M12.6327 12.3673L8.04212 14.5401C7.59967 14.7861 7.05302 14.7438 6.65376 14.4325L0.486233 9.74981C-0.307758 9.13085 -0.0922473 7.87688 0.862835 7.55852L23.3377 0.0669056C24.3237 -0.261766 25.2618 0.676297 24.9331 1.66231L17.4415 24.1372C17.1231 25.0922 15.8691 25.3078 15.2502 24.5138L10.5675 18.3462C10.2562 17.947 10.2139 17.4003 10.4599 16.9579L12.6327 12.3673Z"
            fill="#1A1A1A"
          />
        </svg>
      </span>
    </div>
  </form>
</div>
`;
