// Jest Snapshot v1, https://goo.gl/fbAQLP

exports[`renders correctly 1`] = `
<div
  className="flex flex-col"
>
  <span
    className="text-xl md:text-3xl capitalize font-medium mb-[12px]"
  >
    subscribe
  </span>
  <p
    className="text-sm md:text-xl text-light-gray"
  >
    We’ll never to spam you or share your email
  </p>
  <form
    className="mt-[24px]"
  >
    <label
      class="sr-only"
      htmlFor="subscribe-newsletter"
    >
      subscribe
       
    </label>
    <div
      className="flex max-w-[20rem] bg-white border-2 border-light-gray/80 rounded-md"
    >
      <input
        className="block flex-1 min-w-0 w-full focus:outline-none text-sm py-2.5 px-3 bg-transparent"
        id="subscribe-newsletter"
        placeholder="Enter your e-mail"
        type="text"
      />
      <span
        className="inline-flex items-center text-2xl px-3 bg-cyan border-s-2 border-light-gray/80 text-light-black rounded-r-[5px]"
      >
        @
      </span>
    </div>
  </form>
</div>
`;
