// Jest Snapshot v1, https://goo.gl/fbAQLP

exports[`renders correctly 1`] = `
<div
  className=" w-[176px] rounded-[25px] max-w-sm  bg-light-cyan"
>
  <img
    alt="My Image"
    data-nimg="1"
    decoding="async"
    height={190}
    loading="lazy"
    onError={[Function]}
    onLoad={[Function]}
    src=""
    style={
      Object {
        "color": "transparent",
      }
    }
    width={176}
  />
  <div
    className="bg-black w-full h-[5px] mt-0 bg-phosphorescent "
  />
  <div
    className="p-5"
  >
    <h5
      className="mb-2 text-2xl font-bold tracking-tight text-gray-900 dark:text-white pb-[33px] h-[50px] mb-[40px] text-center"
    />
    <p
      className="mb-3 font-normal text-gray-700 dark:text-gray-400 pb-[40px] text-center"
    >
      .
    </p>
  </div>
</div>
`;
