// Jest Snapshot v1, https://goo.gl/fbAQLP

exports[`renders correctly 1`] = `
<div
  className="container flex flex-col space-y-8 justify-between"
>
  <div
    className="mb-5"
  >
    <span
      className="font-normal block text-3xl md:text-4xl rtl:md:text-3xl lg:text-4xl rtl:lg:text-4xl uppercase break-words"
    >
      trustTherapistTitle
    </span>
  </div>
  <img
    alt="trust_therapist"
    data-nimg="1"
    decoding="async"
    height={300}
    loading="lazy"
    onError={[Function]}
    onLoad={[Function]}
    src="/_next/image?url=%2Ftrust_therapists.png&w=1200&q=75"
    srcSet="/_next/image?url=%2Ftrust_therapists.png&w=640&q=75 1x, /_next/image?url=%2Ftrust_therapists.png&w=1200&q=75 2x"
    style={
      Object {
        "color": "transparent",
      }
    }
    width={600}
  />
  <p
    className="pb-20"
  >
    trustTherapistSubtitle
    .
  </p>
  <div
    className="w-fit"
  >
    <button
      className="font-normal whitespace-nowrap cursor-pointer  capitalize text-lg md:text-xl lg:text-2xl rounded-md px-[25px] md:px-[35px] py-[8px] font-medium bg-cyan text-black "
    >
      bookAppointment
    </button>
  </div>
</div>
`;
