// Jest Snapshot v1, https://goo.gl/fbAQLP

exports[`renders correctly 1`] = `
<button
  className="transform hover:bg-yellow transition duration-500 hover:scale-75 hover:animate-bounce
                active:bg-cyan focus:outline-none focus:ring focus:ring-cyan
                font-normal whitespace-nowrap cursor-pointer  capitalize xl rounded-6px px-[25px] md:px-[35px] py-[8px] font-medium bg-cyan text-black "
  data-aos="fade-right"
  disabled={false}
/>
`;
