// Jest Snapshot v1, https://goo.gl/fbAQLP

exports[`renders correctly 1`] = `
<input
  className="w-full border text-base text-light-black border-solid border-light-gray/30 shadow-sm self-center placeholder-light-gray  leading-[2.15] px-[20px] py-[10px] min-w-0 text-sm font-light rounded-md"
  required={false}
/>
`;
